MissingSuperRecovery.java:15: cannot access base
class file for base not found
public class MissingSuperRecovery extends impl {
       ^
1 error
