
class T6302184 {
    
    T6302184() {
        super();
    }
    int ÀÁÂÃÄÅ = 1;
}
