T6253161.java:19:62: compiler.warn.missing.SVUID: <anonymous T6253161$1$1>
1 warning
