A.java:10:9: compiler.warn.has.been.deprecated: A1, unnamed package
- compiler.note.deprecated.plural.additional
1 warning
