NameCollision.java:13:31: compiler.err.intf.expected.here
1 error
