A.java:10:9: compiler.warn.has.been.deprecated: A1, unnamed package
A.java:10:21: compiler.warn.has.been.deprecated: A1, unnamed package
B.java:11:9: compiler.warn.has.been.deprecated: B1, unnamed package
B.java:11:21: compiler.warn.has.been.deprecated: B1, unnamed package
B.java:12:9: compiler.warn.has.been.deprecated: B1, unnamed package
B.java:12:22: compiler.warn.has.been.deprecated: B1, unnamed package
6 warnings
