T6247324.java:18:6: compiler.err.cant.resolve.location: (- compiler.misc.kindname.class), Seetharam, , , (- compiler.misc.kindname.class), Pair<X,Y>
1 error
