T6241723.java:21:5: compiler.warn.has.been.deprecated: A1, unnamed package
T6241723.java:23:7: compiler.warn.has.been.deprecated: A2.A21, A2
T6241723.java:26:5: compiler.warn.has.been.deprecated: Z1, unnamed package
T6241723.java:28:7: compiler.warn.has.been.deprecated: Z2.Z21, Z2
4 warnings
