T6330920.java:11:22: compiler.err.cant.resolve.location: (- compiler.misc.kindname.class), T6330920Missing, , , (- compiler.misc.kindname.class), T6330920
1 error
