[attribute Y]
[flow Y]
[attribute W]
[flow W]
[attribute Z]
[flow Z]
T6734819c.java:38:11: compiler.err.unreachable.stmt
1 error
