A.java:10:9: compiler.warn.has.been.deprecated: A1, unnamed package
A.java:10:21: compiler.warn.has.been.deprecated: A1, unnamed package
2 warnings
