T6491592.java:12:11: compiler.err.operator.cant.be.applied: +, java.lang.Object,<nulltype>
1 error
