[attribute A]
[attribute A1]
[attribute A2]
[flow A]
[flow A1]
[flow A2]
[desugar A]
[desugar A1]
[desugar A2]
[generate code A]
[generate code A1]
[generate code A2]
[attribute B]
[attribute B1]
B.java:12:9: compiler.err.cant.resolve.location: (- compiler.misc.kindname.variable), x, , , (- compiler.misc.kindname.class), B1
[attribute B2]
1 error
