[attribute Y]
[flow Y]
[attribute W]
[flow W]
[attribute Z]
[flow Z]
[desugar Y]
[generate code Y]
[desugar W]
[generate code W]
[desugar Z]
[generate code Z]
