CyclicInheritance.java:15:1: compiler.err.cyclic.inheritance: C1
CyclicInheritance.java:17:1: compiler.err.cyclic.inheritance: C11
CyclicInheritance.java:20:1: compiler.err.cyclic.inheritance: I1
CyclicInheritance.java:22:1: compiler.err.cyclic.inheritance: I11
CyclicInheritance.java:27:1: compiler.err.cyclic.inheritance: C211
CyclicInheritance.java:31:1: compiler.err.cyclic.inheritance: C212
CyclicInheritance.java:36:27: compiler.err.report.access: C221.I, private, C221
CyclicInheritance.java:40:24: compiler.err.report.access: C222.C, private, C222
8 errors
