NameCollision.java:13: interface expected here
    class Runnable implements Runnable { } // ERROR
                              ^
1 error
